// Jest Snapshot v1, https://goo.gl/fbAQLP

exports[`App should renders properly 1`] = `
ShallowWrapper {
  "length": 1,
  Symbol(enzyme.__root__): [Circular],
  Symbol(enzyme.__unrendered__): <App
    bkgImg={Object {}}
    city={Object {}}
    loading={true}
/>,
  Symbol(enzyme.__renderer__): Object {
    "batchedUpdates": [Function],
    "getNode": [Function],
    "render": [Function],
    "simulateEvent": [Function],
    "unmount": [Function],
  },
  Symbol(enzyme.__node__): Object {
    "instance": null,
    "key": undefined,
    "nodeType": "host",
    "props": Object {
      "children": Array [
        <div
          className="backdrop "
/>,
        <section
          className="container home"
>
          <h1
                    className="home__name"
          >
                    Charlie Weather
          </h1>
          <form
                    className="search"
                    onSubmit={[Function]}
          >
                    <input
                              className="search__input"
                              onBlur={[Function]}
                              onChange={[Function]}
                              onFocus={[Function]}
                              placeholder="Search for a city"
                              type="text"
                    />
                    <button
                              className="search__button"
                              type="submit"
                    >
                              <img
                                        alt="ButtonSearch"
                                        src="search.svg"
                              />
                    </button>
          </form>
          <Spinner />
</section>,
      ],
      "className": "main",
      "style": Object {
        "backgroundImage": "url(undefined)",
      },
    },
    "ref": null,
    "rendered": Array [
      Object {
        "instance": null,
        "key": undefined,
        "nodeType": "host",
        "props": Object {
          "className": "backdrop ",
        },
        "ref": null,
        "rendered": null,
        "type": "div",
      },
      Object {
        "instance": null,
        "key": undefined,
        "nodeType": "host",
        "props": Object {
          "children": Array [
            <h1
              className="home__name"
>
              Charlie Weather
</h1>,
            <form
              className="search"
              onSubmit={[Function]}
>
              <input
                            className="search__input"
                            onBlur={[Function]}
                            onChange={[Function]}
                            onFocus={[Function]}
                            placeholder="Search for a city"
                            type="text"
              />
              <button
                            className="search__button"
                            type="submit"
              >
                            <img
                                          alt="ButtonSearch"
                                          src="search.svg"
                            />
              </button>
</form>,
            <Spinner />,
          ],
          "className": "container home",
        },
        "ref": null,
        "rendered": Array [
          Object {
            "instance": null,
            "key": undefined,
            "nodeType": "host",
            "props": Object {
              "children": "Charlie Weather",
              "className": "home__name",
            },
            "ref": null,
            "rendered": "Charlie Weather",
            "type": "h1",
          },
          Object {
            "instance": null,
            "key": undefined,
            "nodeType": "host",
            "props": Object {
              "children": Array [
                <input
                  className="search__input"
                  onBlur={[Function]}
                  onChange={[Function]}
                  onFocus={[Function]}
                  placeholder="Search for a city"
                  type="text"
/>,
                <button
                  className="search__button"
                  type="submit"
>
                  <img
                                    alt="ButtonSearch"
                                    src="search.svg"
                  />
</button>,
              ],
              "className": "search",
              "onSubmit": [Function],
            },
            "ref": null,
            "rendered": Array [
              Object {
                "instance": null,
                "key": undefined,
                "nodeType": "host",
                "props": Object {
                  "className": "search__input",
                  "onBlur": [Function],
                  "onChange": [Function],
                  "onFocus": [Function],
                  "placeholder": "Search for a city",
                  "type": "text",
                },
                "ref": null,
                "rendered": null,
                "type": "input",
              },
              Object {
                "instance": null,
                "key": undefined,
                "nodeType": "host",
                "props": Object {
                  "children": <img
                    alt="ButtonSearch"
                    src="search.svg"
/>,
                  "className": "search__button",
                  "type": "submit",
                },
                "ref": null,
                "rendered": Object {
                  "instance": null,
                  "key": undefined,
                  "nodeType": "host",
                  "props": Object {
                    "alt": "ButtonSearch",
                    "src": "search.svg",
                  },
                  "ref": null,
                  "rendered": null,
                  "type": "img",
                },
                "type": "button",
              },
            ],
            "type": "form",
          },
          Object {
            "instance": null,
            "key": undefined,
            "nodeType": "function",
            "props": Object {},
            "ref": null,
            "rendered": null,
            "type": [Function],
          },
        ],
        "type": "section",
      },
    ],
    "type": "main",
  },
  Symbol(enzyme.__nodes__): Array [
    Object {
      "instance": null,
      "key": undefined,
      "nodeType": "host",
      "props": Object {
        "children": Array [
          <div
            className="backdrop "
/>,
          <section
            className="container home"
>
            <h1
                        className="home__name"
            >
                        Charlie Weather
            </h1>
            <form
                        className="search"
                        onSubmit={[Function]}
            >
                        <input
                                    className="search__input"
                                    onBlur={[Function]}
                                    onChange={[Function]}
                                    onFocus={[Function]}
                                    placeholder="Search for a city"
                                    type="text"
                        />
                        <button
                                    className="search__button"
                                    type="submit"
                        >
                                    <img
                                                alt="ButtonSearch"
                                                src="search.svg"
                                    />
                        </button>
            </form>
            <Spinner />
</section>,
        ],
        "className": "main",
        "style": Object {
          "backgroundImage": "url(undefined)",
        },
      },
      "ref": null,
      "rendered": Array [
        Object {
          "instance": null,
          "key": undefined,
          "nodeType": "host",
          "props": Object {
            "className": "backdrop ",
          },
          "ref": null,
          "rendered": null,
          "type": "div",
        },
        Object {
          "instance": null,
          "key": undefined,
          "nodeType": "host",
          "props": Object {
            "children": Array [
              <h1
                className="home__name"
>
                Charlie Weather
</h1>,
              <form
                className="search"
                onSubmit={[Function]}
>
                <input
                                className="search__input"
                                onBlur={[Function]}
                                onChange={[Function]}
                                onFocus={[Function]}
                                placeholder="Search for a city"
                                type="text"
                />
                <button
                                className="search__button"
                                type="submit"
                >
                                <img
                                                alt="ButtonSearch"
                                                src="search.svg"
                                />
                </button>
</form>,
              <Spinner />,
            ],
            "className": "container home",
          },
          "ref": null,
          "rendered": Array [
            Object {
              "instance": null,
              "key": undefined,
              "nodeType": "host",
              "props": Object {
                "children": "Charlie Weather",
                "className": "home__name",
              },
              "ref": null,
              "rendered": "Charlie Weather",
              "type": "h1",
            },
            Object {
              "instance": null,
              "key": undefined,
              "nodeType": "host",
              "props": Object {
                "children": Array [
                  <input
                    className="search__input"
                    onBlur={[Function]}
                    onChange={[Function]}
                    onFocus={[Function]}
                    placeholder="Search for a city"
                    type="text"
/>,
                  <button
                    className="search__button"
                    type="submit"
>
                    <img
                                        alt="ButtonSearch"
                                        src="search.svg"
                    />
</button>,
                ],
                "className": "search",
                "onSubmit": [Function],
              },
              "ref": null,
              "rendered": Array [
                Object {
                  "instance": null,
                  "key": undefined,
                  "nodeType": "host",
                  "props": Object {
                    "className": "search__input",
                    "onBlur": [Function],
                    "onChange": [Function],
                    "onFocus": [Function],
                    "placeholder": "Search for a city",
                    "type": "text",
                  },
                  "ref": null,
                  "rendered": null,
                  "type": "input",
                },
                Object {
                  "instance": null,
                  "key": undefined,
                  "nodeType": "host",
                  "props": Object {
                    "children": <img
                      alt="ButtonSearch"
                      src="search.svg"
/>,
                    "className": "search__button",
                    "type": "submit",
                  },
                  "ref": null,
                  "rendered": Object {
                    "instance": null,
                    "key": undefined,
                    "nodeType": "host",
                    "props": Object {
                      "alt": "ButtonSearch",
                      "src": "search.svg",
                    },
                    "ref": null,
                    "rendered": null,
                    "type": "img",
                  },
                  "type": "button",
                },
              ],
              "type": "form",
            },
            Object {
              "instance": null,
              "key": undefined,
              "nodeType": "function",
              "props": Object {},
              "ref": null,
              "rendered": null,
              "type": [Function],
            },
          ],
          "type": "section",
        },
      ],
      "type": "main",
    },
  ],
  Symbol(enzyme.__options__): Object {
    "adapter": ReactSixteenAdapter {
      "options": Object {
        "enableComponentDidUpdateOnSetState": true,
      },
    },
    "disableLifecycleMethods": true,
  },
}
`;
